<?xml version="1.0"?>
<link_info>
   <banner>TI ARM Linker PC v15.12.1.LTS</banner>
   <copyright>Copyright (c) 1996-2015 Texas Instruments Incorporated</copyright>
   <link_time>0x590b7122</link_time>
   <link_errors>0x0</link_errors>
   <output_file>BLE_Command_Test.out</output_file>
   <entry_point>
      <name>_c_int00</name>
      <address>0x42a1</address>
   </entry_point>
   <input_file_list>
      <input_file id="fl-2">
         <path>.\</path>
         <kind>object</kind>
         <file>gpio.obj</file>
         <name>gpio.obj</name>
      </input_file>
      <input_file id="fl-3">
         <path>.\</path>
         <kind>object</kind>
         <file>main.obj</file>
         <name>main.obj</name>
      </input_file>
      <input_file id="fl-4">
         <path>.\</path>
         <kind>object</kind>
         <file>startup_msp432p401r_ccs.obj</file>
         <name>startup_msp432p401r_ccs.obj</name>
      </input_file>
      <input_file id="fl-5">
         <path>.\</path>
         <kind>object</kind>
         <file>system_msp432p401r.obj</file>
         <name>system_msp432p401r.obj</name>
      </input_file>
      <input_file id="fl-6">
         <path>.\</path>
         <kind>object</kind>
         <file>timer.obj</file>
         <name>timer.obj</name>
      </input_file>
      <input_file id="fl-7">
         <path>.\</path>
         <kind>object</kind>
         <file>uart.obj</file>
         <name>uart.obj</name>
      </input_file>
      <input_file id="fl-c1">
         <path>C:\ti\ccsv6\tools\compiler\ti-cgt-arm_15.12.1.LTS\lib\</path>
         <kind>archive</kind>
         <file>rtsv7M4_T_le_v4SPD16_eabi.lib</file>
         <name>boot.obj</name>
      </input_file>
      <input_file id="fl-c2">
         <path>C:\ti\ccsv6\tools\compiler\ti-cgt-arm_15.12.1.LTS\lib\</path>
         <kind>archive</kind>
         <file>rtsv7M4_T_le_v4SPD16_eabi.lib</file>
         <name>copy_decompress_none.obj</name>
      </input_file>
      <input_file id="fl-c3">
         <path>C:\ti\ccsv6\tools\compiler\ti-cgt-arm_15.12.1.LTS\lib\</path>
         <kind>archive</kind>
         <file>rtsv7M4_T_le_v4SPD16_eabi.lib</file>
         <name>copy_decompress_rle.obj</name>
      </input_file>
      <input_file id="fl-c4">
         <path>C:\ti\ccsv6\tools\compiler\ti-cgt-arm_15.12.1.LTS\lib\</path>
         <kind>archive</kind>
         <file>rtsv7M4_T_le_v4SPD16_eabi.lib</file>
         <name>copy_zero_init.obj</name>
      </input_file>
      <input_file id="fl-c5">
         <path>C:\ti\ccsv6\tools\compiler\ti-cgt-arm_15.12.1.LTS\lib\</path>
         <kind>archive</kind>
         <file>rtsv7M4_T_le_v4SPD16_eabi.lib</file>
         <name>exit.obj</name>
      </input_file>
      <input_file id="fl-c6">
         <path>C:\ti\ccsv6\tools\compiler\ti-cgt-arm_15.12.1.LTS\lib\</path>
         <kind>archive</kind>
         <file>rtsv7M4_T_le_v4SPD16_eabi.lib</file>
         <name>fd_div_t2.obj</name>
      </input_file>
      <input_file id="fl-c7">
         <path>C:\ti\ccsv6\tools\compiler\ti-cgt-arm_15.12.1.LTS\lib\</path>
         <kind>archive</kind>
         <file>rtsv7M4_T_le_v4SPD16_eabi.lib</file>
         <name>fd_mul_t2.obj</name>
      </input_file>
      <input_file id="fl-c8">
         <path>C:\ti\ccsv6\tools\compiler\ti-cgt-arm_15.12.1.LTS\lib\</path>
         <kind>archive</kind>
         <file>rtsv7M4_T_le_v4SPD16_eabi.lib</file>
         <name>fd_tou_t2.obj</name>
      </input_file>
      <input_file id="fl-c9">
         <path>C:\ti\ccsv6\tools\compiler\ti-cgt-arm_15.12.1.LTS\lib\</path>
         <kind>archive</kind>
         <file>rtsv7M4_T_le_v4SPD16_eabi.lib</file>
         <name>memcpy_t2.obj</name>
      </input_file>
      <input_file id="fl-ca">
         <path>C:\ti\ccsv6\tools\compiler\ti-cgt-arm_15.12.1.LTS\lib\</path>
         <kind>archive</kind>
         <file>rtsv7M4_T_le_v4SPD16_eabi.lib</file>
         <name>memset_t2.obj</name>
      </input_file>
      <input_file id="fl-cb">
         <path>C:\ti\ccsv6\tools\compiler\ti-cgt-arm_15.12.1.LTS\lib\</path>
         <kind>archive</kind>
         <file>rtsv7M4_T_le_v4SPD16_eabi.lib</file>
         <name>mpu_init.obj</name>
      </input_file>
      <input_file id="fl-cc">
         <path>C:\ti\ccsv6\tools\compiler\ti-cgt-arm_15.12.1.LTS\lib\</path>
         <kind>archive</kind>
         <file>rtsv7M4_T_le_v4SPD16_eabi.lib</file>
         <name>pre_init.obj</name>
      </input_file>
      <input_file id="fl-cd">
         <path>C:\ti\ccsv6\tools\compiler\ti-cgt-arm_15.12.1.LTS\lib\</path>
         <kind>archive</kind>
         <file>rtsv7M4_T_le_v4SPD16_eabi.lib</file>
         <name>printf.obj</name>
      </input_file>
      <input_file id="fl-ce">
         <path>C:\ti\ccsv6\tools\compiler\ti-cgt-arm_15.12.1.LTS\lib\</path>
         <kind>archive</kind>
         <file>rtsv7M4_T_le_v4SPD16_eabi.lib</file>
         <name>stkdepth_vars.obj</name>
      </input_file>
      <input_file id="fl-cf">
         <path>C:\ti\ccsv6\tools\compiler\ti-cgt-arm_15.12.1.LTS\lib\</path>
         <kind>archive</kind>
         <file>rtsv7M4_T_le_v4SPD16_eabi.lib</file>
         <name>u_tofd_t2.obj</name>
      </input_file>
      <input_file id="fl-d0">
         <path>C:\ti\ccsv6\tools\compiler\ti-cgt-arm_15.12.1.LTS\lib\</path>
         <kind>archive</kind>
         <file>rtsv7M4_T_le_v4SPD16_eabi.lib</file>
         <name>_lock.obj</name>
      </input_file>
      <input_file id="fl-d1">
         <path>C:\ti\ccsv6\tools\compiler\ti-cgt-arm_15.12.1.LTS\lib\</path>
         <kind>archive</kind>
         <file>rtsv7M4_T_le_v4SPD16_eabi.lib</file>
         <name>_printfi.obj</name>
      </input_file>
      <input_file id="fl-d2">
         <path>C:\ti\ccsv6\tools\compiler\ti-cgt-arm_15.12.1.LTS\lib\</path>
         <kind>archive</kind>
         <file>rtsv7M4_T_le_v4SPD16_eabi.lib</file>
         <name>args_main.obj</name>
      </input_file>
      <input_file id="fl-d3">
         <path>C:\ti\ccsv6\tools\compiler\ti-cgt-arm_15.12.1.LTS\lib\</path>
         <kind>archive</kind>
         <file>rtsv7M4_T_le_v4SPD16_eabi.lib</file>
         <name>atoi.obj</name>
      </input_file>
      <input_file id="fl-d4">
         <path>C:\ti\ccsv6\tools\compiler\ti-cgt-arm_15.12.1.LTS\lib\</path>
         <kind>archive</kind>
         <file>rtsv7M4_T_le_v4SPD16_eabi.lib</file>
         <name>autoinit.obj</name>
      </input_file>
      <input_file id="fl-d5">
         <path>C:\ti\ccsv6\tools\compiler\ti-cgt-arm_15.12.1.LTS\lib\</path>
         <kind>archive</kind>
         <file>rtsv7M4_T_le_v4SPD16_eabi.lib</file>
         <name>cpy_tbl.obj</name>
      </input_file>
      <input_file id="fl-d6">
         <path>C:\ti\ccsv6\tools\compiler\ti-cgt-arm_15.12.1.LTS\lib\</path>
         <kind>archive</kind>
         <file>rtsv7M4_T_le_v4SPD16_eabi.lib</file>
         <name>ctype.obj</name>
      </input_file>
      <input_file id="fl-d7">
         <path>C:\ti\ccsv6\tools\compiler\ti-cgt-arm_15.12.1.LTS\lib\</path>
         <kind>archive</kind>
         <file>rtsv7M4_T_le_v4SPD16_eabi.lib</file>
         <name>defs.obj</name>
      </input_file>
      <input_file id="fl-d8">
         <path>C:\ti\ccsv6\tools\compiler\ti-cgt-arm_15.12.1.LTS\lib\</path>
         <kind>archive</kind>
         <file>rtsv7M4_T_le_v4SPD16_eabi.lib</file>
         <name>fd_add_t2.obj</name>
      </input_file>
      <input_file id="fl-d9">
         <path>C:\ti\ccsv6\tools\compiler\ti-cgt-arm_15.12.1.LTS\lib\</path>
         <kind>archive</kind>
         <file>rtsv7M4_T_le_v4SPD16_eabi.lib</file>
         <name>fd_cmp_t2.obj</name>
      </input_file>
      <input_file id="fl-da">
         <path>C:\ti\ccsv6\tools\compiler\ti-cgt-arm_15.12.1.LTS\lib\</path>
         <kind>archive</kind>
         <file>rtsv7M4_T_le_v4SPD16_eabi.lib</file>
         <name>fd_toi_t2.obj</name>
      </input_file>
      <input_file id="fl-db">
         <path>C:\ti\ccsv6\tools\compiler\ti-cgt-arm_15.12.1.LTS\lib\</path>
         <kind>archive</kind>
         <file>rtsv7M4_T_le_v4SPD16_eabi.lib</file>
         <name>fputc.obj</name>
      </input_file>
      <input_file id="fl-dc">
         <path>C:\ti\ccsv6\tools\compiler\ti-cgt-arm_15.12.1.LTS\lib\</path>
         <kind>archive</kind>
         <file>rtsv7M4_T_le_v4SPD16_eabi.lib</file>
         <name>fputs.obj</name>
      </input_file>
      <input_file id="fl-dd">
         <path>C:\ti\ccsv6\tools\compiler\ti-cgt-arm_15.12.1.LTS\lib\</path>
         <kind>archive</kind>
         <file>rtsv7M4_T_le_v4SPD16_eabi.lib</file>
         <name>i_tofd_t2.obj</name>
      </input_file>
      <input_file id="fl-de">
         <path>C:\ti\ccsv6\tools\compiler\ti-cgt-arm_15.12.1.LTS\lib\</path>
         <kind>archive</kind>
         <file>rtsv7M4_T_le_v4SPD16_eabi.lib</file>
         <name>lowlev.obj</name>
      </input_file>
      <input_file id="fl-df">
         <path>C:\ti\ccsv6\tools\compiler\ti-cgt-arm_15.12.1.LTS\lib\</path>
         <kind>archive</kind>
         <file>rtsv7M4_T_le_v4SPD16_eabi.lib</file>
         <name>ltoa.obj</name>
      </input_file>
      <input_file id="fl-e0">
         <path>C:\ti\ccsv6\tools\compiler\ti-cgt-arm_15.12.1.LTS\lib\</path>
         <kind>archive</kind>
         <file>rtsv7M4_T_le_v4SPD16_eabi.lib</file>
         <name>memccpy.obj</name>
      </input_file>
      <input_file id="fl-e1">
         <path>C:\ti\ccsv6\tools\compiler\ti-cgt-arm_15.12.1.LTS\lib\</path>
         <kind>archive</kind>
         <file>rtsv7M4_T_le_v4SPD16_eabi.lib</file>
         <name>memchr.obj</name>
      </input_file>
      <input_file id="fl-e2">
         <path>C:\ti\ccsv6\tools\compiler\ti-cgt-arm_15.12.1.LTS\lib\</path>
         <kind>archive</kind>
         <file>rtsv7M4_T_le_v4SPD16_eabi.lib</file>
         <name>s_frexp.obj</name>
      </input_file>
      <input_file id="fl-e3">
         <path>C:\ti\ccsv6\tools\compiler\ti-cgt-arm_15.12.1.LTS\lib\</path>
         <kind>archive</kind>
         <file>rtsv7M4_T_le_v4SPD16_eabi.lib</file>
         <name>s_scalbn.obj</name>
      </input_file>
      <input_file id="fl-e4">
         <path>C:\ti\ccsv6\tools\compiler\ti-cgt-arm_15.12.1.LTS\lib\</path>
         <kind>archive</kind>
         <file>rtsv7M4_T_le_v4SPD16_eabi.lib</file>
         <name>startup.obj</name>
      </input_file>
      <input_file id="fl-e5">
         <path>C:\ti\ccsv6\tools\compiler\ti-cgt-arm_15.12.1.LTS\lib\</path>
         <kind>archive</kind>
         <file>rtsv7M4_T_le_v4SPD16_eabi.lib</file>
         <name>strchr.obj</name>
      </input_file>
      <input_file id="fl-e6">
         <path>C:\ti\ccsv6\tools\compiler\ti-cgt-arm_15.12.1.LTS\lib\</path>
         <kind>archive</kind>
         <file>rtsv7M4_T_le_v4SPD16_eabi.lib</file>
         <name>strcmp.obj</name>
      </input_file>
      <input_file id="fl-e7">
         <path>C:\ti\ccsv6\tools\compiler\ti-cgt-arm_15.12.1.LTS\lib\</path>
         <kind>archive</kind>
         <file>rtsv7M4_T_le_v4SPD16_eabi.lib</file>
         <name>strlen.obj</name>
      </input_file>
      <input_file id="fl-e8">
         <path>C:\ti\ccsv6\tools\compiler\ti-cgt-arm_15.12.1.LTS\lib\</path>
         <kind>archive</kind>
         <file>rtsv7M4_T_le_v4SPD16_eabi.lib</file>
         <name>strncpy.obj</name>
      </input_file>
      <input_file id="fl-e9">
         <path>C:\ti\ccsv6\tools\compiler\ti-cgt-arm_15.12.1.LTS\lib\</path>
         <kind>archive</kind>
         <file>rtsv7M4_T_le_v4SPD16_eabi.lib</file>
         <name>trgdrv.obj</name>
      </input_file>
      <input_file id="fl-ea">
         <path>C:\ti\ccsv6\tools\compiler\ti-cgt-arm_15.12.1.LTS\lib\</path>
         <kind>archive</kind>
         <file>rtsv7M4_T_le_v4SPD16_eabi.lib</file>
         <name>trgmsg.obj</name>
      </input_file>
      <input_file id="fl-eb">
         <path>C:\ti\ccsv6\tools\compiler\ti-cgt-arm_15.12.1.LTS\lib\</path>
         <kind>archive</kind>
         <file>rtsv7M4_T_le_v4SPD16_eabi.lib</file>
         <name>ull_div_t2.obj</name>
      </input_file>
      <input_file id="fl-ec">
         <path>C:\ti\ccsv6\tools\compiler\ti-cgt-arm_15.12.1.LTS\lib\</path>
         <kind>archive</kind>
         <file>rtsv7M4_T_le_v4SPD16_eabi.lib</file>
         <name>_io_perm.obj</name>
      </input_file>
      <input_file id="fl-ed">
         <path>C:\ti\ccsv6\tools\compiler\ti-cgt-arm_15.12.1.LTS\lib\</path>
         <kind>archive</kind>
         <file>rtsv7M4_T_le_v4SPD16_eabi.lib</file>
         <name>errno.obj</name>
      </input_file>
      <input_file id="fl-ee">
         <path>C:\ti\ccsv6\tools\compiler\ti-cgt-arm_15.12.1.LTS\lib\</path>
         <kind>archive</kind>
         <file>rtsv7M4_T_le_v4SPD16_eabi.lib</file>
         <name>fflush.obj</name>
      </input_file>
      <input_file id="fl-ef">
         <path>C:\ti\ccsv6\tools\compiler\ti-cgt-arm_15.12.1.LTS\lib\</path>
         <kind>archive</kind>
         <file>rtsv7M4_T_le_v4SPD16_eabi.lib</file>
         <name>fseek.obj</name>
      </input_file>
      <input_file id="fl-f0">
         <path>C:\ti\ccsv6\tools\compiler\ti-cgt-arm_15.12.1.LTS\lib\</path>
         <kind>archive</kind>
         <file>rtsv7M4_T_le_v4SPD16_eabi.lib</file>
         <name>s_copysign.obj</name>
      </input_file>
      <input_file id="fl-f1">
         <path>C:\ti\ccsv6\tools\compiler\ti-cgt-arm_15.12.1.LTS\lib\</path>
         <kind>archive</kind>
         <file>rtsv7M4_T_le_v4SPD16_eabi.lib</file>
         <name>setvbuf.obj</name>
      </input_file>
      <input_file id="fl-f2">
         <path>C:\ti\ccsv6\tools\compiler\ti-cgt-arm_15.12.1.LTS\lib\</path>
         <kind>archive</kind>
         <file>rtsv7M4_T_le_v4SPD16_eabi.lib</file>
         <name>strcpy.obj</name>
      </input_file>
      <input_file id="fl-f3">
         <path>C:\ti\ccsv6\tools\compiler\ti-cgt-arm_15.12.1.LTS\lib\</path>
         <kind>archive</kind>
         <file>rtsv7M4_T_le_v4SPD16_eabi.lib</file>
         <name>fopen.obj</name>
      </input_file>
      <input_file id="fl-f4">
         <path>C:\ti\ccsv6\tools\compiler\ti-cgt-arm_15.12.1.LTS\lib\</path>
         <kind>archive</kind>
         <file>rtsv7M4_T_le_v4SPD16_eabi.lib</file>
         <name>memory.obj</name>
      </input_file>
      <input_file id="fl-f5">
         <path>C:\ti\ccsv6\tools\compiler\ti-cgt-arm_15.12.1.LTS\lib\</path>
         <kind>archive</kind>
         <file>rtsv7M4_T_le_v4SPD16_eabi.lib</file>
         <name>fclose.obj</name>
      </input_file>
      <input_file id="fl-f6">
         <path>C:\ti\ccsv6\tools\compiler\ti-cgt-arm_15.12.1.LTS\lib\</path>
         <kind>archive</kind>
         <file>rtsv7M4_T_le_v4SPD16_eabi.lib</file>
         <name>remove.obj</name>
      </input_file>
   </input_file_list>
   <object_component_list>
      <object_component id="oc-10">
         <name>.intvecs:retain</name>
         <load_address>0x0</load_address>
         <run_address>0x0</run_address>
         <size>0xe4</size>
         <input_file_ref idref="fl-4"/>
      </object_component>
      <object_component id="oc-132">
         <name>.text</name>
         <load_address>0xe4</load_address>
         <run_address>0xe4</run_address>
         <size>0x1110</size>
         <input_file_ref idref="fl-d1"/>
      </object_component>
      <object_component id="oc-90">
         <name>.text</name>
         <load_address>0x11f4</load_address>
         <run_address>0x11f4</run_address>
         <size>0x974</size>
         <input_file_ref idref="fl-7"/>
      </object_component>
      <object_component id="oc-35">
         <name>.text</name>
         <load_address>0x1b68</load_address>
         <run_address>0x1b68</run_address>
         <size>0x74c</size>
         <input_file_ref idref="fl-3"/>
      </object_component>
      <object_component id="oc-25b">
         <name>.text</name>
         <load_address>0x22b4</load_address>
         <run_address>0x22b4</run_address>
         <size>0x3dc</size>
         <input_file_ref idref="fl-f4"/>
      </object_component>
      <object_component id="oc-89">
         <name>.text</name>
         <load_address>0x2690</load_address>
         <run_address>0x2690</run_address>
         <size>0x328</size>
         <input_file_ref idref="fl-5"/>
      </object_component>
      <object_component id="oc-278">
         <name>.text</name>
         <load_address>0x29b8</load_address>
         <run_address>0x29b8</run_address>
         <size>0x324</size>
         <input_file_ref idref="fl-e9"/>
      </object_component>
      <object_component id="oc-17b">
         <name>.text</name>
         <load_address>0x2cdc</load_address>
         <run_address>0x2cdc</run_address>
         <size>0x30c</size>
         <input_file_ref idref="fl-de"/>
      </object_component>
      <object_component id="oc-191">
         <name>.text</name>
         <load_address>0x2fe8</load_address>
         <run_address>0x2fe8</run_address>
         <size>0x1f4</size>
         <input_file_ref idref="fl-eb"/>
      </object_component>
      <object_component id="oc-261">
         <name>.text</name>
         <load_address>0x31dc</load_address>
         <run_address>0x31dc</run_address>
         <size>0x1c4</size>
         <input_file_ref idref="fl-f3"/>
      </object_component>
      <object_component id="oc-1b0">
         <name>.text</name>
         <load_address>0x33a0</load_address>
         <run_address>0x33a0</run_address>
         <size>0x1b6</size>
         <input_file_ref idref="fl-d8"/>
      </object_component>
      <object_component id="oc-bb">
         <name>.text</name>
         <load_address>0x3556</load_address>
         <run_address>0x3556</run_address>
         <size>0x136</size>
         <input_file_ref idref="fl-c6"/>
      </object_component>
      <object_component id="oc-12c">
         <name>.text</name>
         <load_address>0x368c</load_address>
         <run_address>0x368c</run_address>
         <size>0x134</size>
         <input_file_ref idref="fl-dc"/>
      </object_component>
      <object_component id="oc-b6">
         <name>.text</name>
         <load_address>0x37c0</load_address>
         <run_address>0x37c0</run_address>
         <size>0xfc</size>
         <input_file_ref idref="fl-c7"/>
      </object_component>
      <object_component id="oc-1bb">
         <name>.text</name>
         <load_address>0x38bc</load_address>
         <run_address>0x38bc</run_address>
         <size>0xfc</size>
         <input_file_ref idref="fl-e3"/>
      </object_component>
      <object_component id="oc-201">
         <name>.text</name>
         <load_address>0x39b8</load_address>
         <run_address>0x39b8</run_address>
         <size>0xdc</size>
         <input_file_ref idref="fl-f1"/>
      </object_component>
      <object_component id="oc-175">
         <name>.text</name>
         <load_address>0x3a94</load_address>
         <run_address>0x3a94</run_address>
         <size>0xc8</size>
         <input_file_ref idref="fl-ee"/>
      </object_component>
      <object_component id="oc-16f">
         <name>.text</name>
         <load_address>0x3b5c</load_address>
         <run_address>0x3b5c</run_address>
         <size>0xac</size>
         <input_file_ref idref="fl-ec"/>
      </object_component>
      <object_component id="oc-3e">
         <name>.text</name>
         <load_address>0x3c08</load_address>
         <run_address>0x3c08</run_address>
         <size>0x9c</size>
         <input_file_ref idref="fl-c9"/>
      </object_component>
      <object_component id="oc-2a3">
         <name>.text</name>
         <load_address>0x3ca4</load_address>
         <run_address>0x3ca4</run_address>
         <size>0x98</size>
         <input_file_ref idref="fl-f5"/>
      </object_component>
      <object_component id="oc-126">
         <name>.text</name>
         <load_address>0x3d3c</load_address>
         <run_address>0x3d3c</run_address>
         <size>0x98</size>
         <input_file_ref idref="fl-db"/>
      </object_component>
      <object_component id="oc-196">
         <name>.text:__aeabi_cdcmple</name>
         <load_address>0x3dd4</load_address>
         <run_address>0x3dd4</run_address>
         <size>0x86</size>
         <input_file_ref idref="fl-d9"/>
      </object_component>
      <object_component id="oc-19b">
         <name>.text:__aeabi_cdrcmple</name>
         <load_address>0x3e5a</load_address>
         <run_address>0x3e5a</run_address>
         <size>0x86</size>
         <input_file_ref idref="fl-d9"/>
      </object_component>
      <object_component id="oc-57">
         <name>.text</name>
         <load_address>0x3ee0</load_address>
         <run_address>0x3ee0</run_address>
         <size>0x7a</size>
         <input_file_ref idref="fl-ca"/>
      </object_component>
      <object_component id="oc-63">
         <name>.text</name>
         <load_address>0x3f5a</load_address>
         <run_address>0x3f5a</run_address>
         <size>0x2</size>
         <input_file_ref idref="fl-cb"/>
      </object_component>
      <object_component id="oc-6f">
         <name>.text</name>
         <load_address>0x3f5c</load_address>
         <run_address>0x3f5c</run_address>
         <size>0x70</size>
         <input_file_ref idref="fl-d4"/>
      </object_component>
      <object_component id="oc-ab">
         <name>.text</name>
         <load_address>0x3fcc</load_address>
         <run_address>0x3fcc</run_address>
         <size>0x70</size>
         <input_file_ref idref="fl-cd"/>
      </object_component>
      <object_component id="oc-9c">
         <name>.text</name>
         <load_address>0x403c</load_address>
         <run_address>0x403c</run_address>
         <size>0x70</size>
         <input_file_ref idref="fl-6"/>
      </object_component>
      <object_component id="oc-4a">
         <name>.text</name>
         <load_address>0x40ac</load_address>
         <run_address>0x40ac</run_address>
         <size>0x6a</size>
         <input_file_ref idref="fl-c3"/>
      </object_component>
      <object_component id="oc-ed">
         <name>.text</name>
         <load_address>0x4116</load_address>
         <run_address>0x4116</run_address>
         <size>0x2</size>
         <input_file_ref idref="fl-e4"/>
      </object_component>
      <object_component id="oc-2b2">
         <name>.text</name>
         <load_address>0x4118</load_address>
         <run_address>0x4118</run_address>
         <size>0x68</size>
         <input_file_ref idref="fl-ea"/>
      </object_component>
      <object_component id="oc-1fb">
         <name>.text</name>
         <load_address>0x4180</load_address>
         <run_address>0x4180</run_address>
         <size>0x64</size>
         <input_file_ref idref="fl-ef"/>
      </object_component>
      <object_component id="oc-1b5">
         <name>.text</name>
         <load_address>0x41e4</load_address>
         <run_address>0x41e4</run_address>
         <size>0x64</size>
         <input_file_ref idref="fl-e2"/>
      </object_component>
      <object_component id="oc-1a5">
         <name>.text</name>
         <load_address>0x4248</load_address>
         <run_address>0x4248</run_address>
         <size>0x56</size>
         <input_file_ref idref="fl-df"/>
      </object_component>
      <object_component id="oc-25">
         <name>.text</name>
         <load_address>0x42a0</load_address>
         <run_address>0x42a0</run_address>
         <size>0x54</size>
         <input_file_ref idref="fl-c1"/>
      </object_component>
      <object_component id="oc-7b">
         <name>.text</name>
         <load_address>0x42f4</load_address>
         <run_address>0x42f4</run_address>
         <size>0x54</size>
         <input_file_ref idref="fl-c5"/>
      </object_component>
      <object_component id="oc-1cd">
         <name>.text</name>
         <load_address>0x4348</load_address>
         <run_address>0x4348</run_address>
         <size>0x4c</size>
         <input_file_ref idref="fl-d3"/>
      </object_component>
      <object_component id="oc-e7">
         <name>.text</name>
         <load_address>0x4394</load_address>
         <run_address>0x4394</run_address>
         <size>0x4c</size>
         <input_file_ref idref="fl-d5"/>
      </object_component>
      <object_component id="oc-1a0">
         <name>.text</name>
         <load_address>0x43e0</load_address>
         <run_address>0x43e0</run_address>
         <size>0x48</size>
         <input_file_ref idref="fl-da"/>
      </object_component>
      <object_component id="oc-c0">
         <name>.text</name>
         <load_address>0x4428</load_address>
         <run_address>0x4428</run_address>
         <size>0x44</size>
         <input_file_ref idref="fl-c8"/>
      </object_component>
      <object_component id="oc-96">
         <name>.text</name>
         <load_address>0x446c</load_address>
         <run_address>0x446c</run_address>
         <size>0x3c</size>
         <input_file_ref idref="fl-2"/>
      </object_component>
      <object_component id="oc-214">
         <name>.text</name>
         <load_address>0x44a8</load_address>
         <run_address>0x44a8</run_address>
         <size>0x30</size>
         <input_file_ref idref="fl-e8"/>
      </object_component>
      <object_component id="oc-1ab">
         <name>.text</name>
         <load_address>0x44d8</load_address>
         <run_address>0x44d8</run_address>
         <size>0x2e</size>
         <input_file_ref idref="fl-dd"/>
      </object_component>
      <object_component id="oc-189">
         <name>.text</name>
         <load_address>0x4506</load_address>
         <run_address>0x4506</run_address>
         <size>0x20</size>
         <input_file_ref idref="fl-e1"/>
      </object_component>
      <object_component id="oc-b1">
         <name>.text</name>
         <load_address>0x4526</load_address>
         <run_address>0x4526</run_address>
         <size>0x20</size>
         <input_file_ref idref="fl-cf"/>
      </object_component>
      <object_component id="oc-1c7">
         <name>.text</name>
         <load_address>0x4546</load_address>
         <run_address>0x4546</run_address>
         <size>0x1c</size>
         <input_file_ref idref="fl-e0"/>
      </object_component>
      <object_component id="oc-75">
         <name>.text</name>
         <load_address>0x4564</load_address>
         <run_address>0x4564</run_address>
         <size>0x18</size>
         <input_file_ref idref="fl-d2"/>
      </object_component>
      <object_component id="oc-20e">
         <name>.text</name>
         <load_address>0x457c</load_address>
         <run_address>0x457c</run_address>
         <size>0x18</size>
         <input_file_ref idref="fl-e6"/>
      </object_component>
      <object_component id="oc-1c1">
         <name>.text</name>
         <load_address>0x4594</load_address>
         <run_address>0x4594</run_address>
         <size>0x16</size>
         <input_file_ref idref="fl-e5"/>
      </object_component>
      <object_component id="oc-15e">
         <name>.text</name>
         <load_address>0x45ac</load_address>
         <run_address>0x45ac</run_address>
         <size>0x14</size>
         <input_file_ref idref="fl-d0"/>
      </object_component>
      <object_component id="oc-23c">
         <name>.text</name>
         <load_address>0x45c0</load_address>
         <run_address>0x45c0</run_address>
         <size>0x14</size>
         <input_file_ref idref="fl-f0"/>
      </object_component>
      <object_component id="oc-2b8">
         <name>.text</name>
         <load_address>0x45d4</load_address>
         <run_address>0x45d4</run_address>
         <size>0x14</size>
         <input_file_ref idref="fl-f2"/>
      </object_component>
      <object_component id="oc-183">
         <name>.text</name>
         <load_address>0x45e8</load_address>
         <run_address>0x45e8</run_address>
         <size>0x14</size>
         <input_file_ref idref="fl-e7"/>
      </object_component>
      <object_component id="oc-13">
         <name>.text:decompress:none</name>
         <load_address>0x45fc</load_address>
         <run_address>0x45fc</run_address>
         <size>0xe</size>
         <input_file_ref idref="fl-c2"/>
      </object_component>
      <object_component id="oc-2f">
         <name>.text</name>
         <load_address>0x460a</load_address>
         <run_address>0x460a</run_address>
         <size>0xe</size>
         <input_file_ref idref="fl-4"/>
      </object_component>
      <object_component id="oc-19">
         <name>.text:decompress:rle24</name>
         <load_address>0x4618</load_address>
         <run_address>0x4618</run_address>
         <size>0x6</size>
         <input_file_ref idref="fl-c3"/>
      </object_component>
      <object_component id="oc-69">
         <name>.text</name>
         <load_address>0x461e</load_address>
         <run_address>0x461e</run_address>
         <size>0x4</size>
         <input_file_ref idref="fl-cc"/>
      </object_component>
      <object_component id="oc-24b">
         <name>.const:.string:_ctypes_</name>
         <load_address>0x4622</load_address>
         <run_address>0x4622</run_address>
         <size>0x101</size>
         <input_file_ref idref="fl-d6"/>
      </object_component>
      <object_component id="oc-305">
         <name>.cinit..data.load</name>
         <load_address>0x4728</load_address>
         <run_address>0x4728</run_address>
         <size>0x97</size>
      </object_component>
      <object_component id="oc-306">
         <name>.cinit..bss.load</name>
         <load_address>0x47c0</load_address>
         <run_address>0x47c0</run_address>
         <size>0xb</size>
      </object_component>
      <object_component id="oc-303">
         <name>__TI_handler_table</name>
         <load_address>0x47cc</load_address>
         <run_address>0x47cc</run_address>
         <size>0x8</size>
      </object_component>
      <object_component id="oc-304">
         <name>__TI_cinit_table</name>
         <load_address>0x47d4</load_address>
         <run_address>0x47d4</run_address>
         <size>0x10</size>
      </object_component>
      <object_component id="oc-a2">
         <name>.data</name>
         <load_address>0x20000918</load_address>
         <run_address>0x20000918</run_address>
         <size>0x28</size>
         <input_file_ref idref="fl-3"/>
      </object_component>
      <object_component id="oc-10e">
         <name>.data</name>
         <load_address>0x2000097c</load_address>
         <run_address>0x2000097c</run_address>
         <size>0x4</size>
         <input_file_ref idref="fl-5"/>
      </object_component>
      <object_component id="oc-a8">
         <name>.data</name>
         <load_address>0x20000980</load_address>
         <run_address>0x20000980</run_address>
         <size>0x2</size>
         <input_file_ref idref="fl-7"/>
      </object_component>
      <object_component id="oc-f7">
         <name>.data:$O1$$</name>
         <load_address>0x20000950</load_address>
         <run_address>0x20000950</run_address>
         <size>0xc</size>
         <input_file_ref idref="fl-c5"/>
      </object_component>
      <object_component id="oc-81">
         <name>.data</name>
         <load_address>0x20000978</load_address>
         <run_address>0x20000978</run_address>
         <size>0x4</size>
         <input_file_ref idref="fl-ce"/>
      </object_component>
      <object_component id="oc-fa">
         <name>.data:$O1$$</name>
         <load_address>0x20000968</load_address>
         <run_address>0x20000968</run_address>
         <size>0x8</size>
         <input_file_ref idref="fl-d0"/>
      </object_component>
      <object_component id="oc-138">
         <name>.data:_ftable</name>
         <load_address>0x20000758</load_address>
         <run_address>0x20000758</run_address>
         <size>0xf0</size>
         <input_file_ref idref="fl-d7"/>
      </object_component>
      <object_component id="oc-209">
         <name>.data</name>
         <load_address>0x20000940</load_address>
         <run_address>0x20000940</run_address>
         <size>0x10</size>
         <input_file_ref idref="fl-d7"/>
      </object_component>
      <object_component id="oc-21a">
         <name>.data:$O1$$</name>
         <load_address>0x20000848</load_address>
         <run_address>0x20000848</run_address>
         <size>0xd0</size>
         <input_file_ref idref="fl-de"/>
      </object_component>
      <object_component id="oc-242">
         <name>.data</name>
         <load_address>0x20000970</load_address>
         <run_address>0x20000970</run_address>
         <size>0x4</size>
         <input_file_ref idref="fl-ed"/>
      </object_component>
      <object_component id="oc-2a9">
         <name>.data</name>
         <load_address>0x20000974</load_address>
         <run_address>0x20000974</run_address>
         <size>0x4</size>
         <input_file_ref idref="fl-f3"/>
      </object_component>
      <object_component id="oc-29f">
         <name>.data:$O1$$</name>
         <load_address>0x2000095c</load_address>
         <run_address>0x2000095c</run_address>
         <size>0xc</size>
         <input_file_ref idref="fl-f4"/>
      </object_component>
      <object_component id="oc-2be">
         <name>.bss:parmbuf</name>
         <uninitialized>true</uninitialized>
         <run_address>0x20000750</run_address>
         <size>0x8</size>
         <input_file_ref idref="fl-e9"/>
      </object_component>
      <object_component id="oc-2d1">
         <name>.bss:_CIOBUF_</name>
         <uninitialized>true</uninitialized>
         <run_address>0x20000590</run_address>
         <size>0x120</size>
         <input_file_ref idref="fl-ea"/>
      </object_component>
      <object_component id="oc-a5">
         <name>.common:response</name>
         <uninitialized>true</uninitialized>
         <run_address>0x20000400</run_address>
         <size>0x190</size>
      </object_component>
      <object_component id="oc-2cc">
         <name>.common:__TI_tmpnams</name>
         <uninitialized>true</uninitialized>
         <run_address>0x200006b0</run_address>
         <size>0xa0</size>
      </object_component>
      <object_component id="oc-2c">
         <name>.sysmem</name>
         <uninitialized>true</uninitialized>
         <run_address>0x20000000</run_address>
         <size>0x8</size>
         <input_file_ref idref="fl-f4"/>
      </object_component>
      <object_component id="oc-308">
         <name>.sysmem</name>
         <uninitialized>true</uninitialized>
         <run_address>0x20000000</run_address>
         <size>0x0</size>
      </object_component>
      <object_component id="oc-2b">
         <name>.stack</name>
         <uninitialized>true</uninitialized>
         <run_address>0x2000fe00</run_address>
         <size>0x0</size>
         <input_file_ref idref="fl-c1"/>
      </object_component>
      <object_component id="oc-307">
         <name>.stack</name>
         <uninitialized>true</uninitialized>
         <run_address>0x2000fe00</run_address>
         <size>0x0</size>
      </object_component>
      <object_component id="oc-16e">
         <name>.debug_info</name>
         <load_address>0x0</load_address>
         <run_address>0x0</run_address>
         <size>0x385</size>
         <input_file_ref idref="fl-2"/>
      </object_component>
      <object_component id="oc-97">
         <name>.debug_info</name>
         <load_address>0x385</load_address>
         <run_address>0x385</run_address>
         <size>0x110</size>
         <input_file_ref idref="fl-2"/>
      </object_component>
      <object_component id="oc-11f">
         <name>.debug_info</name>
         <load_address>0x495</load_address>
         <run_address>0x495</run_address>
         <size>0x103e</size>
         <input_file_ref idref="fl-2"/>
      </object_component>
      <object_component id="oc-114">
         <name>.debug_info</name>
         <load_address>0x14d3</load_address>
         <run_address>0x14d3</run_address>
         <size>0x36f2</size>
         <input_file_ref idref="fl-2"/>
      </object_component>
      <object_component id="oc-c6">
         <name>.debug_info</name>
         <load_address>0x4bc5</load_address>
         <run_address>0x4bc5</run_address>
         <size>0x84</size>
         <input_file_ref idref="fl-2"/>
      </object_component>
      <object_component id="oc-cb">
         <name>.debug_info</name>
         <load_address>0x4c49</load_address>
         <run_address>0x4c49</run_address>
         <size>0x18b</size>
         <input_file_ref idref="fl-2"/>
      </object_component>
      <object_component id="oc-a6">
         <name>.debug_info</name>
         <load_address>0x4dd4</load_address>
         <run_address>0x4dd4</run_address>
         <size>0x5bf</size>
         <input_file_ref idref="fl-3"/>
      </object_component>
      <object_component id="oc-a3">
         <name>.debug_info</name>
         <load_address>0x5393</load_address>
         <run_address>0x5393</run_address>
         <size>0x362</size>
         <input_file_ref idref="fl-3"/>
      </object_component>
      <object_component id="oc-38">
         <name>.debug_info</name>
         <load_address>0x56f5</load_address>
         <run_address>0x56f5</run_address>
         <size>0x698</size>
         <input_file_ref idref="fl-3"/>
      </object_component>
      <object_component id="oc-13d">
         <name>.debug_info</name>
         <load_address>0x5d8d</load_address>
         <run_address>0x5d8d</run_address>
         <size>0x4e</size>
         <input_file_ref idref="fl-3"/>
      </object_component>
      <object_component id="oc-3d">
         <name>.debug_info</name>
         <load_address>0x5ddb</load_address>
         <run_address>0x5ddb</run_address>
         <size>0x125</size>
         <input_file_ref idref="fl-4"/>
      </object_component>
      <object_component id="oc-11">
         <name>.debug_info</name>
         <load_address>0x5f00</load_address>
         <run_address>0x5f00</run_address>
         <size>0xfd</size>
         <input_file_ref idref="fl-4"/>
      </object_component>
      <object_component id="oc-31">
         <name>.debug_info</name>
         <load_address>0x5ffd</load_address>
         <run_address>0x5ffd</run_address>
         <size>0x1c4</size>
         <input_file_ref idref="fl-4"/>
      </object_component>
      <object_component id="oc-10f">
         <name>.debug_info</name>
         <load_address>0x61c1</load_address>
         <run_address>0x61c1</run_address>
         <size>0xf6</size>
         <input_file_ref idref="fl-5"/>
      </object_component>
      <object_component id="oc-8a">
         <name>.debug_info</name>
         <load_address>0x62b7</load_address>
         <run_address>0x62b7</run_address>
         <size>0x268</size>
         <input_file_ref idref="fl-5"/>
      </object_component>
      <object_component id="oc-9f">
         <name>.debug_info</name>
         <load_address>0x651f</load_address>
         <run_address>0x651f</run_address>
         <size>0x2b8</size>
         <input_file_ref idref="fl-6"/>
      </object_component>
      <object_component id="oc-113">
         <name>.debug_info</name>
         <load_address>0x67d7</load_address>
         <run_address>0x67d7</run_address>
         <size>0x434</size>
         <input_file_ref idref="fl-7"/>
      </object_component>
      <object_component id="oc-a9">
         <name>.debug_info</name>
         <load_address>0x6c0b</load_address>
         <run_address>0x6c0b</run_address>
         <size>0x10b</size>
         <input_file_ref idref="fl-7"/>
      </object_component>
      <object_component id="oc-91">
         <name>.debug_info</name>
         <load_address>0x6d16</load_address>
         <run_address>0x6d16</run_address>
         <size>0x1972</size>
         <input_file_ref idref="fl-7"/>
      </object_component>
      <object_component id="oc-26">
         <name>.debug_info</name>
         <load_address>0x8688</load_address>
         <run_address>0x8688</run_address>
         <size>0x17c</size>
         <input_file_ref idref="fl-c1"/>
      </object_component>
      <object_component id="oc-49">
         <name>.debug_info</name>
         <load_address>0x8804</load_address>
         <run_address>0x8804</run_address>
         <size>0x15c</size>
         <input_file_ref idref="fl-c2"/>
      </object_component>
      <object_component id="oc-16">
         <name>.debug_info</name>
         <load_address>0x8960</load_address>
         <run_address>0x8960</run_address>
         <size>0x1fb</size>
         <input_file_ref idref="fl-c2"/>
      </object_component>
      <object_component id="oc-44">
         <name>.debug_info</name>
         <load_address>0x8b5b</load_address>
         <run_address>0x8b5b</run_address>
         <size>0x46</size>
         <input_file_ref idref="fl-c2"/>
      </object_component>
      <object_component id="oc-d3">
         <name>.debug_info</name>
         <load_address>0x8ba1</load_address>
         <run_address>0x8ba1</run_address>
         <size>0x2c</size>
         <input_file_ref idref="fl-c2"/>
      </object_component>
      <object_component id="oc-51">
         <name>.debug_info</name>
         <load_address>0x8bcd</load_address>
         <run_address>0x8bcd</run_address>
         <size>0x150</size>
         <input_file_ref idref="fl-c3"/>
      </object_component>
      <object_component id="oc-4e">
         <name>.debug_info</name>
         <load_address>0x8d1d</load_address>
         <run_address>0x8d1d</run_address>
         <size>0x263</size>
         <input_file_ref idref="fl-c3"/>
      </object_component>
      <object_component id="oc-1d">
         <name>.debug_info</name>
         <load_address>0x8f80</load_address>
         <run_address>0x8f80</run_address>
         <size>0x1cd</size>
         <input_file_ref idref="fl-c3"/>
      </object_component>
      <object_component id="oc-52">
         <name>.debug_info</name>
         <load_address>0x914d</load_address>
         <run_address>0x914d</run_address>
         <size>0x39</size>
         <input_file_ref idref="fl-c3"/>
      </object_component>
      <object_component id="oc-dd">
         <name>.debug_info</name>
         <load_address>0x9186</load_address>
         <run_address>0x9186</run_address>
         <size>0x2c</size>
         <input_file_ref idref="fl-c3"/>
      </object_component>
      <object_component id="oc-fe">
         <name>.debug_info</name>
         <load_address>0x91b2</load_address>
         <run_address>0x91b2</run_address>
         <size>0x250</size>
         <input_file_ref idref="fl-c5"/>
      </object_component>
      <object_component id="oc-f8">
         <name>.debug_info</name>
         <load_address>0x9402</load_address>
         <run_address>0x9402</run_address>
         <size>0x1a1</size>
         <input_file_ref idref="fl-c5"/>
      </object_component>
      <object_component id="oc-7f">
         <name>.debug_info</name>
         <load_address>0x95a3</load_address>
         <run_address>0x95a3</run_address>
         <size>0x230</size>
         <input_file_ref idref="fl-c5"/>
      </object_component>
      <object_component id="oc-bc">
         <name>.debug_info</name>
         <load_address>0x97d3</load_address>
         <run_address>0x97d3</run_address>
         <size>0x14e</size>
         <input_file_ref idref="fl-c6"/>
      </object_component>
      <object_component id="oc-b7">
         <name>.debug_info</name>
         <load_address>0x9921</load_address>
         <run_address>0x9921</run_address>
         <size>0x14e</size>
         <input_file_ref idref="fl-c7"/>
      </object_component>
      <object_component id="oc-c3">
         <name>.debug_info</name>
         <load_address>0x9a6f</load_address>
         <run_address>0x9a6f</run_address>
         <size>0x14d</size>
         <input_file_ref idref="fl-c8"/>
      </object_component>
      <object_component id="oc-3f">
         <name>.debug_info</name>
         <load_address>0x9bbc</load_address>
         <run_address>0x9bbc</run_address>
         <size>0x12d</size>
         <input_file_ref idref="fl-c9"/>
      </object_component>
      <object_component id="oc-59">
         <name>.debug_info</name>
         <load_address>0x9ce9</load_address>
         <run_address>0x9ce9</run_address>
         <size>0x15b</size>
         <input_file_ref idref="fl-ca"/>
      </object_component>
      <object_component id="oc-65">
         <name>.debug_info</name>
         <load_address>0x9e44</load_address>
         <run_address>0x9e44</run_address>
         <size>0x154</size>
         <input_file_ref idref="fl-cb"/>
      </object_component>
      <object_component id="oc-6a">
         <name>.debug_info</name>
         <load_address>0x9f98</load_address>
         <run_address>0x9f98</run_address>
         <size>0x164</size>
         <input_file_ref idref="fl-cc"/>
      </object_component>
      <object_component id="oc-13c">
         <name>.debug_info</name>
         <load_address>0xa0fc</load_address>
         <run_address>0xa0fc</run_address>
         <size>0x248</size>
         <input_file_ref idref="fl-cd"/>
      </object_component>
      <object_component id="oc-ac">
         <name>.debug_info</name>
         <load_address>0xa344</load_address>
         <run_address>0xa344</run_address>
         <size>0x2a0</size>
         <input_file_ref idref="fl-cd"/>
      </object_component>
      <object_component id="oc-1ea">
         <name>.debug_info</name>
         <load_address>0xa5e4</load_address>
         <run_address>0xa5e4</run_address>
         <size>0xae</size>
         <input_file_ref idref="fl-cd"/>
      </object_component>
      <object_component id="oc-82">
         <name>.debug_info</name>
         <load_address>0xa692</load_address>
         <run_address>0xa692</run_address>
         <size>0x125</size>
         <input_file_ref idref="fl-ce"/>
      </object_component>
      <object_component id="oc-b3">
         <name>.debug_info</name>
         <load_address>0xa7b7</load_address>
         <run_address>0xa7b7</run_address>
         <size>0x142</size>
         <input_file_ref idref="fl-cf"/>
      </object_component>
      <object_component id="oc-166">
         <name>.debug_info</name>
         <load_address>0xa8f9</load_address>
         <run_address>0xa8f9</run_address>
         <size>0x140</size>
         <input_file_ref idref="fl-d0"/>
      </object_component>
      <object_component id="oc-fb">
         <name>.debug_info</name>
         <load_address>0xaa39</load_address>
         <run_address>0xaa39</run_address>
         <size>0x12f</size>
         <input_file_ref idref="fl-d0"/>
      </object_component>
      <object_component id="oc-161">
         <name>.debug_info</name>
         <load_address>0xab68</load_address>
         <run_address>0xab68</run_address>
         <size>0x23b</size>
         <input_file_ref idref="fl-d0"/>
      </object_component>
      <object_component id="oc-1d4">
         <name>.debug_info</name>
         <load_address>0xada3</load_address>
         <run_address>0xada3</run_address>
         <size>0x3ac</size>
         <input_file_ref idref="fl-d1"/>
      </object_component>
      <object_component id="oc-133">
         <name>.debug_info</name>
         <load_address>0xb14f</load_address>
         <run_address>0xb14f</run_address>
         <size>0x180c</size>
         <input_file_ref idref="fl-d1"/>
      </object_component>
      <object_component id="oc-1d5">
         <name>.debug_info</name>
         <load_address>0xc95b</load_address>
         <run_address>0xc95b</run_address>
         <size>0x86</size>
         <input_file_ref idref="fl-d1"/>
      </object_component>
      <object_component id="oc-1da">
         <name>.debug_info</name>
         <load_address>0xc9e1</load_address>
         <run_address>0xc9e1</run_address>
         <size>0x2c</size>
         <input_file_ref idref="fl-d1"/>
      </object_component>
      <object_component id="oc-252">
         <name>.debug_info</name>
         <load_address>0xca0d</load_address>
         <run_address>0xca0d</run_address>
         <size>0x46</size>
         <input_file_ref idref="fl-d1"/>
      </object_component>
      <object_component id="oc-1df">
         <name>.debug_info</name>
         <load_address>0xca53</load_address>
         <run_address>0xca53</run_address>
         <size>0x39</size>
         <input_file_ref idref="fl-d1"/>
      </object_component>
      <object_component id="oc-f6">
         <name>.debug_info</name>
         <load_address>0xca8c</load_address>
         <run_address>0xca8c</run_address>
         <size>0x182</size>
         <input_file_ref idref="fl-d2"/>
      </object_component>
      <object_component id="oc-78">
         <name>.debug_info</name>
         <load_address>0xcc0e</load_address>
         <run_address>0xcc0e</run_address>
         <size>0x183</size>
         <input_file_ref idref="fl-d2"/>
      </object_component>
      <object_component id="oc-157">
         <name>.debug_info</name>
         <load_address>0xcd91</load_address>
         <run_address>0xcd91</run_address>
         <size>0x5e</size>
         <input_file_ref idref="fl-d2"/>
      </object_component>
      <object_component id="oc-24f">
         <name>.debug_info</name>
         <load_address>0xcdef</load_address>
         <run_address>0xcdef</run_address>
         <size>0x130</size>
         <input_file_ref idref="fl-d3"/>
      </object_component>
      <object_component id="oc-1cf">
         <name>.debug_info</name>
         <load_address>0xcf1f</load_address>
         <run_address>0xcf1f</run_address>
         <size>0x18d</size>
         <input_file_ref idref="fl-d3"/>
      </object_component>
      <object_component id="oc-f4">
         <name>.debug_info</name>
         <load_address>0xd0ac</load_address>
         <run_address>0xd0ac</run_address>
         <size>0x305</size>
         <input_file_ref idref="fl-d4"/>
      </object_component>
      <object_component id="oc-70">
         <name>.debug_info</name>
         <load_address>0xd3b1</load_address>
         <run_address>0xd3b1</run_address>
         <size>0x1ac</size>
         <input_file_ref idref="fl-d4"/>
      </object_component>
      <object_component id="oc-14b">
         <name>.debug_info</name>
         <load_address>0xd55d</load_address>
         <run_address>0xd55d</run_address>
         <size>0x39</size>
         <input_file_ref idref="fl-d4"/>
      </object_component>
      <object_component id="oc-150">
         <name>.debug_info</name>
         <load_address>0xd596</load_address>
         <run_address>0xd596</run_address>
         <size>0xcd</size>
         <input_file_ref idref="fl-d4"/>
      </object_component>
      <object_component id="oc-147">
         <name>.debug_info</name>
         <load_address>0xd663</load_address>
         <run_address>0xd663</run_address>
         <size>0x1fc</size>
         <input_file_ref idref="fl-d5"/>
      </object_component>
      <object_component id="oc-ea">
         <name>.debug_info</name>
         <load_address>0xd85f</load_address>
         <run_address>0xd85f</run_address>
         <size>0x19f</size>
         <input_file_ref idref="fl-d5"/>
      </object_component>
      <object_component id="oc-1f1">
         <name>.debug_info</name>
         <load_address>0xd9fe</load_address>
         <run_address>0xd9fe</run_address>
         <size>0x2c</size>
         <input_file_ref idref="fl-d5"/>
      </object_component>
      <object_component id="oc-29a">
         <name>.debug_info</name>
         <load_address>0xda2a</load_address>
         <run_address>0xda2a</run_address>
         <size>0x10a</size>
         <input_file_ref idref="fl-d6"/>
      </object_component>
      <object_component id="oc-24c">
         <name>.debug_info</name>
         <load_address>0xdb34</load_address>
         <run_address>0xdb34</run_address>
         <size>0x116</size>
         <input_file_ref idref="fl-d6"/>
      </object_component>
      <object_component id="oc-1e6">
         <name>.debug_info</name>
         <load_address>0xdc4a</load_address>
         <run_address>0xdc4a</run_address>
         <size>0x155</size>
         <input_file_ref idref="fl-d7"/>
      </object_component>
      <object_component id="oc-139">
         <name>.debug_info</name>
         <load_address>0xdd9f</load_address>
         <run_address>0xdd9f</run_address>
         <size>0x113</size>
         <input_file_ref idref="fl-d7"/>
      </object_component>
      <object_component id="oc-20a">
         <name>.debug_info</name>
         <load_address>0xdeb2</load_address>
         <run_address>0xdeb2</run_address>
         <size>0x1a0</size>
         <input_file_ref idref="fl-d7"/>
      </object_component>
      <object_component id="oc-1b1">
         <name>.debug_info</name>
         <load_address>0xe052</load_address>
         <run_address>0xe052</run_address>
         <size>0x160</size>
         <input_file_ref idref="fl-d8"/>
      </object_component>
      <object_component id="oc-197">
         <name>.debug_info</name>
         <load_address>0xe1b2</load_address>
         <run_address>0xe1b2</run_address>
         <size>0x13c</size>
         <input_file_ref idref="fl-d9"/>
      </object_component>
      <object_component id="oc-19e">
         <name>.debug_info</name>
         <load_address>0xe2ee</load_address>
         <run_address>0xe2ee</run_address>
         <size>0x13e</size>
         <input_file_ref idref="fl-d9"/>
      </object_component>
      <object_component id="oc-1a2">
         <name>.debug_info</name>
         <load_address>0xe42c</load_address>
         <run_address>0xe42c</run_address>
         <size>0x142</size>
         <input_file_ref idref="fl-da"/>
      </object_component>
      <object_component id="oc-182">
         <name>.debug_info</name>
         <load_address>0xe56e</load_address>
         <run_address>0xe56e</run_address>
         <size>0x1fa</size>
         <input_file_ref idref="fl-db"/>
      </object_component>
      <object_component id="oc-128">
         <name>.debug_info</name>
         <load_address>0xe768</load_address>
         <run_address>0xe768</run_address>
         <size>0x25b</size>
         <input_file_ref idref="fl-db"/>
      </object_component>
      <object_component id="oc-190">
         <name>.debug_info</name>
         <load_address>0xe9c3</load_address>
         <run_address>0xe9c3</run_address>
         <size>0x2be</size>
         <input_file_ref idref="fl-dc"/>
      </object_component>
      <object_component id="oc-12d">
         <name>.debug_info</name>
         <load_address>0xec81</load_address>
         <run_address>0xec81</run_address>
         <size>0x375</size>
         <input_file_ref idref="fl-dc"/>
      </object_component>
      <object_component id="oc-1ad">
         <name>.debug_info</name>
         <load_address>0xeff6</load_address>
         <run_address>0xeff6</run_address>
         <size>0x140</size>
         <input_file_ref idref="fl-dd"/>
      </object_component>
      <object_component id="oc-21e">
         <name>.debug_info</name>
         <load_address>0xf136</load_address>
         <run_address>0xf136</run_address>
         <size>0x4bc</size>
         <input_file_ref idref="fl-de"/>
      </object_component>
      <object_component id="oc-21b">
         <name>.debug_info</name>
         <load_address>0xf5f2</load_address>
         <run_address>0xf5f2</run_address>
         <size>0x132</size>
         <input_file_ref idref="fl-de"/>
      </object_component>
      <object_component id="oc-17d">
         <name>.debug_info</name>
         <load_address>0xf724</load_address>
         <run_address>0xf724</run_address>
         <size>0xb27</size>
         <input_file_ref idref="fl-de"/>
      </object_component>
      <object_component id="oc-282">
         <name>.debug_info</name>
         <load_address>0x1024b</load_address>
         <run_address>0x1024b</run_address>
         <size>0x120</size>
         <input_file_ref idref="fl-de"/>
      </object_component>
      <object_component id="oc-220">
         <name>.debug_info</name>
         <load_address>0x1036b</load_address>
         <run_address>0x1036b</run_address>
         <size>0x2c</size>
         <input_file_ref idref="fl-de"/>
      </object_component>
      <object_component id="oc-232">
         <name>.debug_info</name>
         <load_address>0x10397</load_address>
         <run_address>0x10397</run_address>
         <size>0x168</size>
         <input_file_ref idref="fl-df"/>
      </object_component>
      <object_component id="oc-1a6">
         <name>.debug_info</name>
         <load_address>0x104ff</load_address>
         <run_address>0x104ff</run_address>
         <size>0x1de</size>
         <input_file_ref idref="fl-df"/>
      </object_component>
      <object_component id="oc-24a">
         <name>.debug_info</name>
         <load_address>0x106dd</load_address>
         <run_address>0x106dd</run_address>
         <size>0x10d</size>
         <input_file_ref idref="fl-e0"/>
      </object_component>
      <object_component id="oc-1c8">
         <name>.debug_info</name>
         <load_address>0x107ea</load_address>
         <run_address>0x107ea</run_address>
         <size>0x1c7</size>
         <input_file_ref idref="fl-e0"/>
      </object_component>
      <object_component id="oc-22a">
         <name>.debug_info</name>
         <load_address>0x109b1</load_address>
         <run_address>0x109b1</run_address>
         <size>0x11c</size>
         <input_file_ref idref="fl-e1"/>
      </object_component>
      <object_component id="oc-18a">
         <name>.debug_info</name>
         <load_address>0x10acd</load_address>
         <run_address>0x10acd</run_address>
         <size>0x294</size>
         <input_file_ref idref="fl-e1"/>
      </object_component>
      <object_component id="oc-236">
         <name>.debug_info</name>
         <load_address>0x10d61</load_address>
         <run_address>0x10d61</run_address>
         <size>0x15b</size>
         <input_file_ref idref="fl-e2"/>
      </object_component>
      <object_component id="oc-1b6">
         <name>.debug_info</name>
         <load_address>0x10ebc</load_address>
         <run_address>0x10ebc</run_address>
         <size>0x1a6</size>
         <input_file_ref idref="fl-e2"/>
      </object_component>
      <object_component id="oc-237">
         <name>.debug_info</name>
         <load_address>0x11062</load_address>
         <run_address>0x11062</run_address>
         <size>0x2c</size>
         <input_file_ref idref="fl-e2"/>
      </object_component>
      <object_component id="oc-246">
         <name>.debug_info</name>
         <load_address>0x1108e</load_address>
         <run_address>0x1108e</run_address>
         <size>0x198</size>
         <input_file_ref idref="fl-e3"/>
      </object_component>
      <object_component id="oc-1bf">
         <name>.debug_info</name>
         <load_address>0x11226</load_address>
         <run_address>0x11226</run_address>
         <size>0x1f1</size>
         <input_file_ref idref="fl-e3"/>
      </object_component>
      <object_component id="oc-f1">
         <name>.debug_info</name>
         <load_address>0x11417</load_address>
         <run_address>0x11417</run_address>
         <size>0x161</size>
         <input_file_ref idref="fl-e4"/>
      </object_component>
      <object_component id="oc-248">
         <name>.debug_info</name>
         <load_address>0x11578</load_address>
         <run_address>0x11578</run_address>
         <size>0x111</size>
         <input_file_ref idref="fl-e5"/>
      </object_component>
      <object_component id="oc-1c3">
         <name>.debug_info</name>
         <load_address>0x11689</load_address>
         <run_address>0x11689</run_address>
         <size>0x296</size>
         <input_file_ref idref="fl-e5"/>
      </object_component>
      <object_component id="oc-275">
         <name>.debug_info</name>
         <load_address>0x1191f</load_address>
         <run_address>0x1191f</run_address>
         <size>0x101</size>
         <input_file_ref idref="fl-e6"/>
      </object_component>
      <object_component id="oc-20f">
         <name>.debug_info</name>
         <load_address>0x11a20</load_address>
         <run_address>0x11a20</run_address>
         <size>0x2aa</size>
         <input_file_ref idref="fl-e6"/>
      </object_component>
      <object_component id="oc-228">
         <name>.debug_info</name>
         <load_address>0x11cca</load_address>
         <run_address>0x11cca</run_address>
         <size>0x106</size>
         <input_file_ref idref="fl-e7"/>
      </object_component>
      <object_component id="oc-184">
         <name>.debug_info</name>
         <load_address>0x11dd0</load_address>
         <run_address>0x11dd0</run_address>
         <size>0x27c</size>
         <input_file_ref idref="fl-e7"/>
      </object_component>
      <object_component id="oc-277">
         <name>.debug_info</name>
         <load_address>0x1204c</load_address>
         <run_address>0x1204c</run_address>
         <size>0x112</size>
         <input_file_ref idref="fl-e8"/>
      </object_component>
      <object_component id="oc-215">
         <name>.debug_info</name>
         <load_address>0x1215e</load_address>
         <run_address>0x1215e</run_address>
         <size>0x2ab</size>
         <input_file_ref idref="fl-e8"/>
      </object_component>
      <object_component id="oc-2c2">
         <name>.debug_info</name>
         <load_address>0x12409</load_address>
         <run_address>0x12409</run_address>
         <size>0x26b</size>
         <input_file_ref idref="fl-e9"/>
      </object_component>
      <object_component id="oc-2bf">
         <name>.debug_info</name>
         <load_address>0x12674</load_address>
         <run_address>0x12674</run_address>
         <size>0x114</size>
         <input_file_ref idref="fl-e9"/>
      </object_component>
      <object_component id="oc-279">
         <name>.debug_info</name>
         <load_address>0x12788</load_address>
         <run_address>0x12788</run_address>
         <size>0xad5</size>
         <input_file_ref idref="fl-e9"/>
      </object_component>
      <object_component id="oc-2c3">
         <name>.debug_info</name>
         <load_address>0x1325d</load_address>
         <run_address>0x1325d</run_address>
         <size>0x53</size>
         <input_file_ref idref="fl-e9"/>
      </object_component>
      <object_component id="oc-2d5">
         <name>.debug_info</name>
         <load_address>0x132b0</load_address>
         <run_address>0x132b0</run_address>
         <size>0x132</size>
         <input_file_ref idref="fl-ea"/>
      </object_component>
      <object_component id="oc-2d2">
         <name>.debug_info</name>
         <load_address>0x133e2</load_address>
         <run_address>0x133e2</run_address>
         <size>0x119</size>
         <input_file_ref idref="fl-ea"/>
      </object_component>
      <object_component id="oc-2b3">
         <name>.debug_info</name>
         <load_address>0x134fb</load_address>
         <run_address>0x134fb</run_address>
         <size>0x29d</size>
         <input_file_ref idref="fl-ea"/>
      </object_component>
      <object_component id="oc-192">
         <name>.debug_info</name>
         <load_address>0x13798</load_address>
         <run_address>0x13798</run_address>
         <size>0x199</size>
         <input_file_ref idref="fl-eb"/>
      </object_component>
      <object_component id="oc-208">
         <name>.debug_info</name>
         <load_address>0x13931</load_address>
         <run_address>0x13931</run_address>
         <size>0x16d</size>
         <input_file_ref idref="fl-ec"/>
      </object_component>
      <object_component id="oc-173">
         <name>.debug_info</name>
         <load_address>0x13a9e</load_address>
         <run_address>0x13a9e</run_address>
         <size>0x24c</size>
         <input_file_ref idref="fl-ec"/>
      </object_component>
      <object_component id="oc-269">
         <name>.debug_info</name>
         <load_address>0x13cea</load_address>
         <run_address>0x13cea</run_address>
         <size>0xbb</size>
         <input_file_ref idref="fl-ec"/>
      </object_component>
      <object_component id="oc-243">
         <name>.debug_info</name>
         <load_address>0x13da5</load_address>
         <run_address>0x13da5</run_address>
         <size>0x10f</size>
         <input_file_ref idref="fl-ed"/>
      </object_component>
      <object_component id="oc-20d">
         <name>.debug_info</name>
         <load_address>0x13eb4</load_address>
         <run_address>0x13eb4</run_address>
         <size>0x1be</size>
         <input_file_ref idref="fl-ee"/>
      </object_component>
      <object_component id="oc-178">
         <name>.debug_info</name>
         <load_address>0x14072</load_address>
         <run_address>0x14072</run_address>
         <size>0x276</size>
         <input_file_ref idref="fl-ee"/>
      </object_component>
      <object_component id="oc-25a">
         <name>.debug_info</name>
         <load_address>0x142e8</load_address>
         <run_address>0x142e8</run_address>
         <size>0x19b</size>
         <input_file_ref idref="fl-ef"/>
      </object_component>
      <object_component id="oc-1fd">
         <name>.debug_info</name>
         <load_address>0x14483</load_address>
         <run_address>0x14483</run_address>
         <size>0x1fd</size>
         <input_file_ref idref="fl-ef"/>
      </object_component>
      <object_component id="oc-23e">
         <name>.debug_info</name>
         <load_address>0x14680</load_address>
         <run_address>0x14680</run_address>
         <size>0x172</size>
         <input_file_ref idref="fl-f0"/>
      </object_component>
      <object_component id="oc-268">
         <name>.debug_info</name>
         <load_address>0x147f2</load_address>
         <run_address>0x147f2</run_address>
         <size>0x1dc</size>
         <input_file_ref idref="fl-f1"/>
      </object_component>
      <object_component id="oc-203">
         <name>.debug_info</name>
         <load_address>0x149ce</load_address>
         <run_address>0x149ce</run_address>
         <size>0x21c</size>
         <input_file_ref idref="fl-f1"/>
      </object_component>
      <object_component id="oc-2d7">
         <name>.debug_info</name>
         <load_address>0x14bea</load_address>
         <run_address>0x14bea</run_address>
         <size>0x10c</size>
         <input_file_ref idref="fl-f2"/>
      </object_component>
      <object_component id="oc-2bc">
         <name>.debug_info</name>
         <load_address>0x14cf6</load_address>
         <run_address>0x14cf6</run_address>
         <size>0x283</size>
         <input_file_ref idref="fl-f2"/>
      </object_component>
      <object_component id="oc-2ab">
         <name>.debug_info</name>
         <load_address>0x14f79</load_address>
         <run_address>0x14f79</run_address>
         <size>0x258</size>
         <input_file_ref idref="fl-f3"/>
      </object_component>
      <object_component id="oc-262">
         <name>.debug_info</name>
         <load_address>0x151d1</load_address>
         <run_address>0x151d1</run_address>
         <size>0x471</size>
         <input_file_ref idref="fl-f3"/>
      </object_component>
      <object_component id="oc-104">
         <name>.debug_info</name>
         <load_address>0x15642</load_address>
         <run_address>0x15642</run_address>
         <size>0x2c</size>
         <input_file_ref idref="fl-f3"/>
      </object_component>
      <object_component id="oc-87">
         <name>.debug_info</name>
         <load_address>0x1566e</load_address>
         <run_address>0x1566e</run_address>
         <size>0x23e</size>
         <input_file_ref idref="fl-f4"/>
      </object_component>
      <object_component id="oc-2d">
         <name>.debug_info</name>
         <load_address>0x158ac</load_address>
         <run_address>0x158ac</run_address>
         <size>0x11d</size>
         <input_file_ref idref="fl-f4"/>
      </object_component>
      <object_component id="oc-2a0">
         <name>.debug_info</name>
         <load_address>0x159c9</load_address>
         <run_address>0x159c9</run_address>
         <size>0x168</size>
         <input_file_ref idref="fl-f4"/>
      </object_component>
      <object_component id="oc-25d">
         <name>.debug_info</name>
         <load_address>0x15b31</load_address>
         <run_address>0x15b31</run_address>
         <size>0x8a7</size>
         <input_file_ref idref="fl-f4"/>
      </object_component>
      <object_component id="oc-109">
         <name>.debug_info</name>
         <load_address>0x163d8</load_address>
         <run_address>0x163d8</run_address>
         <size>0x62</size>
         <input_file_ref idref="fl-f4"/>
      </object_component>
      <object_component id="oc-2ce">
         <name>.debug_info</name>
         <load_address>0x1643a</load_address>
         <run_address>0x1643a</run_address>
         <size>0x21c</size>
         <input_file_ref idref="fl-f5"/>
      </object_component>
      <object_component id="oc-2a4">
         <name>.debug_info</name>
         <load_address>0x16656</load_address>
         <run_address>0x16656</run_address>
         <size>0x2b4</size>
         <input_file_ref idref="fl-f5"/>
      </object_component>
      <object_component id="oc-309">
         <name>.debug_info</name>
         <load_address>0x1690a</load_address>
         <run_address>0x1690a</run_address>
         <size>0xac</size>
      </object_component>
      <object_component id="oc-1fa">
         <name>.debug_line</name>
         <load_address>0x0</load_address>
         <run_address>0x0</run_address>
         <size>0x20</size>
         <input_file_ref idref="fl-2"/>
      </object_component>
      <object_component id="oc-9a">
         <name>.debug_line</name>
         <load_address>0x20</load_address>
         <run_address>0x20</run_address>
         <size>0x45</size>
         <input_file_ref idref="fl-2"/>
      </object_component>
      <object_component id="oc-122">
         <name>.debug_line</name>
         <load_address>0x65</load_address>
         <run_address>0x65</run_address>
         <size>0x55</size>
         <input_file_ref idref="fl-2"/>
      </object_component>
      <object_component id="oc-117">
         <name>.debug_line</name>
         <load_address>0xba</load_address>
         <run_address>0xba</run_address>
         <size>0x52</size>
         <input_file_ref idref="fl-2"/>
      </object_component>
      <object_component id="oc-c9">
         <name>.debug_line</name>
         <load_address>0x10c</load_address>
         <run_address>0x10c</run_address>
         <size>0x20</size>
         <input_file_ref idref="fl-2"/>
      </object_component>
      <object_component id="oc-ce">
         <name>.debug_line</name>
         <load_address>0x12c</load_address>
         <run_address>0x12c</run_address>
         <size>0x66</size>
         <input_file_ref idref="fl-2"/>
      </object_component>
      <object_component id="oc-11e">
         <name>.debug_line</name>
         <load_address>0x192</load_address>
         <run_address>0x192</run_address>
         <size>0x9a</size>
         <input_file_ref idref="fl-3"/>
      </object_component>
      <object_component id="oc-11c">
         <name>.debug_line</name>
         <load_address>0x22c</load_address>
         <run_address>0x22c</run_address>
         <size>0x2d</size>
         <input_file_ref idref="fl-3"/>
      </object_component>
      <object_component id="oc-36">
         <name>.debug_line</name>
         <load_address>0x259</load_address>
         <run_address>0x259</run_address>
         <size>0x2ba</size>
         <input_file_ref idref="fl-3"/>
      </object_component>
      <object_component id="oc-140">
         <name>.debug_line</name>
         <load_address>0x513</load_address>
         <run_address>0x513</run_address>
         <size>0x66</size>
         <input_file_ref idref="fl-3"/>
      </object_component>
      <object_component id="oc-d1">
         <name>.debug_line</name>
         <load_address>0x579</load_address>
         <run_address>0x579</run_address>
         <size>0x40</size>
         <input_file_ref idref="fl-4"/>
      </object_component>
      <object_component id="oc-3c">
         <name>.debug_line</name>
         <load_address>0x5b9</load_address>
         <run_address>0x5b9</run_address>
         <size>0x40</size>
         <input_file_ref idref="fl-4"/>
      </object_component>
      <object_component id="oc-30">
         <name>.debug_line</name>
         <load_address>0x5f9</load_address>
         <run_address>0x5f9</run_address>
         <size>0x71</size>
         <input_file_ref idref="fl-4"/>
      </object_component>
      <object_component id="oc-16b">
         <name>.debug_line</name>
         <load_address>0x66a</load_address>
         <run_address>0x66a</run_address>
         <size>0x3b</size>
         <input_file_ref idref="fl-5"/>
      </object_component>
      <object_component id="oc-8d">
         <name>.debug_line</name>
         <load_address>0x6a5</load_address>
         <run_address>0x6a5</run_address>
         <size>0x146</size>
         <input_file_ref idref="fl-5"/>
      </object_component>
      <object_component id="oc-9d">
         <name>.debug_line</name>
         <load_address>0x7eb</load_address>
         <run_address>0x7eb</run_address>
         <size>0xd0</size>
         <input_file_ref idref="fl-6"/>
      </object_component>
      <object_component id="oc-16d">
         <name>.debug_line</name>
         <load_address>0x8bb</load_address>
         <run_address>0x8bb</run_address>
         <size>0x2d</size>
         <input_file_ref idref="fl-7"/>
      </object_component>
      <object_component id="oc-125">
         <name>.debug_line</name>
         <load_address>0x8e8</load_address>
         <run_address>0x8e8</run_address>
         <size>0x2d</size>
         <input_file_ref idref="fl-7"/>
      </object_component>
      <object_component id="oc-95">
         <name>.debug_line</name>
         <load_address>0x915</load_address>
         <run_address>0x915</run_address>
         <size>0x492</size>
         <input_file_ref idref="fl-7"/>
      </object_component>
      <object_component id="oc-29">
         <name>.debug_line</name>
         <load_address>0xda7</load_address>
         <run_address>0xda7</run_address>
         <size>0x53</size>
         <input_file_ref idref="fl-c1"/>
      </object_component>
      <object_component id="oc-d9">
         <name>.debug_line</name>
         <load_address>0xdfa</load_address>
         <run_address>0xdfa</run_address>
         <size>0xa5</size>
         <input_file_ref idref="fl-c2"/>
      </object_component>
      <object_component id="oc-14">
         <name>.debug_line</name>
         <load_address>0xe9f</load_address>
         <run_address>0xe9f</run_address>
         <size>0x55</size>
         <input_file_ref idref="fl-c2"/>
      </object_component>
      <object_component id="oc-47">
         <name>.debug_line</name>
         <load_address>0xef4</load_address>
         <run_address>0xef4</run_address>
         <size>0x3a</size>
         <input_file_ref idref="fl-c2"/>
      </object_component>
      <object_component id="oc-d6">
         <name>.debug_line</name>
         <load_address>0xf2e</load_address>
         <run_address>0xf2e</run_address>
         <size>0xa5</size>
         <input_file_ref idref="fl-c2"/>
      </object_component>
      <object_component id="oc-dc">
         <name>.debug_line</name>
         <load_address>0xfd3</load_address>
         <run_address>0xfd3</run_address>
         <size>0xa5</size>
         <input_file_ref idref="fl-c3"/>
      </object_component>
      <object_component id="oc-4c">
         <name>.debug_line</name>
         <load_address>0x1078</load_address>
         <run_address>0x1078</run_address>
         <size>0x98</size>
         <input_file_ref idref="fl-c3"/>
      </object_component>
      <object_component id="oc-1b">
         <name>.debug_line</name>
         <load_address>0x1110</load_address>
         <run_address>0x1110</run_address>
         <size>0x4b</size>
         <input_file_ref idref="fl-c3"/>
      </object_component>
      <object_component id="oc-55">
         <name>.debug_line</name>
         <load_address>0x115b</load_address>
         <run_address>0x115b</run_address>
         <size>0x39</size>
         <input_file_ref idref="fl-c3"/>
      </object_component>
      <object_component id="oc-e0">
         <name>.debug_line</name>
         <load_address>0x1194</load_address>
         <run_address>0x1194</run_address>
         <size>0xa5</size>
         <input_file_ref idref="fl-c3"/>
      </object_component>
      <object_component id="oc-169">
         <name>.debug_line</name>
         <load_address>0x1239</load_address>
         <run_address>0x1239</run_address>
         <size>0x128</size>
         <input_file_ref idref="fl-c5"/>
      </object_component>
      <object_component id="oc-15d">
         <name>.debug_line</name>
         <load_address>0x1361</load_address>
         <run_address>0x1361</run_address>
         <size>0x2a</size>
         <input_file_ref idref="fl-c5"/>
      </object_component>
      <object_component id="oc-7d">
         <name>.debug_line</name>
         <load_address>0x138b</load_address>
         <run_address>0x138b</run_address>
         <size>0x86</size>
         <input_file_ref idref="fl-c5"/>
      </object_component>
      <object_component id="oc-bf">
         <name>.debug_line</name>
         <load_address>0x1411</load_address>
         <run_address>0x1411</run_address>
         <size>0xa8</size>
         <input_file_ref idref="fl-c6"/>
      </object_component>
      <object_component id="oc-ba">
         <name>.debug_line</name>
         <load_address>0x14b9</load_address>
         <run_address>0x14b9</run_address>
         <size>0x8e</size>
         <input_file_ref idref="fl-c7"/>
      </object_component>
      <object_component id="oc-c2">
         <name>.debug_line</name>
         <load_address>0x1547</load_address>
         <run_address>0x1547</run_address>
         <size>0x59</size>
         <input_file_ref idref="fl-c8"/>
      </object_component>
      <object_component id="oc-42">
         <name>.debug_line</name>
         <load_address>0x15a0</load_address>
         <run_address>0x15a0</run_address>
         <size>0x88</size>
         <input_file_ref idref="fl-c9"/>
      </object_component>
      <object_component id="oc-58">
         <name>.debug_line</name>
         <load_address>0x1628</load_address>
         <run_address>0x1628</run_address>
         <size>0x79</size>
         <input_file_ref idref="fl-ca"/>
      </object_component>
      <object_component id="oc-68">
         <name>.debug_line</name>
         <load_address>0x16a1</load_address>
         <run_address>0x16a1</run_address>
         <size>0x3d</size>
         <input_file_ref idref="fl-cb"/>
      </object_component>
      <object_component id="oc-6e">
         <name>.debug_line</name>
         <load_address>0x16de</load_address>
         <run_address>0x16de</run_address>
         <size>0x40</size>
         <input_file_ref idref="fl-cc"/>
      </object_component>
      <object_component id="oc-1e9">
         <name>.debug_line</name>
         <load_address>0x171e</load_address>
         <run_address>0x171e</run_address>
         <size>0x134</size>
         <input_file_ref idref="fl-cd"/>
      </object_component>
      <object_component id="oc-af">
         <name>.debug_line</name>
         <load_address>0x1852</load_address>
         <run_address>0x1852</run_address>
         <size>0x8d</size>
         <input_file_ref idref="fl-cd"/>
      </object_component>
      <object_component id="oc-1ed">
         <name>.debug_line</name>
         <load_address>0x18df</load_address>
         <run_address>0x18df</run_address>
         <size>0xa4</size>
         <input_file_ref idref="fl-cd"/>
      </object_component>
      <object_component id="oc-101">
         <name>.debug_line</name>
[...]
      <symbol id="sm-318">
         <name>_nop</name>
         <value>0x45bb</value>
         <object_component_ref idref="oc-15e"/>
      </symbol>
      <symbol id="sm-319">
         <name>_lock</name>
         <value>0x20000968</value>
         <object_component_ref idref="oc-fa"/>
      </symbol>
      <symbol id="sm-31a">
         <name>_unlock</name>
         <value>0x2000096c</value>
         <object_component_ref idref="oc-fa"/>
      </symbol>
      <symbol id="sm-31b">
         <name>_register_lock</name>
         <value>0x45b3</value>
         <object_component_ref idref="oc-15e"/>
      </symbol>
      <symbol id="sm-31c">
         <name>_register_unlock</name>
         <value>0x45ad</value>
         <object_component_ref idref="oc-15e"/>
      </symbol>
      <symbol id="sm-428">
         <name>__TI_printfi</name>
         <value>0xeef</value>
         <object_component_ref idref="oc-132"/>
      </symbol>
      <symbol id="sm-43c">
         <name>_args_main</name>
         <value>0x4565</value>
         <object_component_ref idref="oc-75"/>
      </symbol>
      <symbol id="sm-452">
         <name>atoi</name>
         <value>0x4349</value>
         <object_component_ref idref="oc-1cd"/>
      </symbol>
      <symbol id="sm-477">
         <name>__TI_auto_init</name>
         <value>0x3f5d</value>
         <object_component_ref idref="oc-6f"/>
      </symbol>
      <symbol id="sm-491">
         <name>copy_in</name>
         <value>0x4395</value>
         <object_component_ref idref="oc-e7"/>
      </symbol>
      <symbol id="sm-49c">
         <name>_ctypes_</name>
         <value>0x4622</value>
         <object_component_ref idref="oc-24b"/>
      </symbol>
      <symbol id="sm-4b1">
         <name>__TI_tmpnams</name>
         <value>0x200006b0</value>
      </symbol>
      <symbol id="sm-4b2">
         <name>__aeabi_stdout</name>
         <value>0x20000948</value>
         <object_component_ref idref="oc-209"/>
      </symbol>
      <symbol id="sm-4b3">
         <name>__aeabi_stderr</name>
         <value>0x2000094c</value>
         <object_component_ref idref="oc-209"/>
      </symbol>
      <symbol id="sm-4b4">
         <name>__aeabi_stdin</name>
         <value>0x20000944</value>
         <object_component_ref idref="oc-209"/>
      </symbol>
      <symbol id="sm-4b5">
         <name>_ftable</name>
         <value>0x20000758</value>
         <object_component_ref idref="oc-138"/>
      </symbol>
      <symbol id="sm-4b6">
         <name>__TI_ft_end</name>
         <value>0x20000940</value>
         <object_component_ref idref="oc-209"/>
      </symbol>
      <symbol id="sm-4cd">
         <name>__aeabi_dsub</name>
         <value>0x33a1</value>
         <object_component_ref idref="oc-1b0"/>
      </symbol>
      <symbol id="sm-4ce">
         <name>__aeabi_dadd</name>
         <value>0x33ab</value>
         <object_component_ref idref="oc-1b0"/>
      </symbol>
      <symbol id="sm-4f0">
         <name>__aeabi_cdcmpeq</name>
         <value>0x3dd5</value>
         <object_component_ref idref="oc-196"/>
      </symbol>
      <symbol id="sm-4f1">
         <name>__aeabi_cdcmple</name>
         <value>0x3dd5</value>
         <object_component_ref idref="oc-196"/>
      </symbol>
      <symbol id="sm-4f2">
         <name>__aeabi_cdrcmple</name>
         <value>0x3e5b</value>
         <object_component_ref idref="oc-19b"/>
      </symbol>
      <symbol id="sm-4fc">
         <name>__aeabi_d2iz</name>
         <value>0x43e1</value>
         <object_component_ref idref="oc-1a0"/>
      </symbol>
      <symbol id="sm-513">
         <name>putc</name>
         <value>0x3d3d</value>
         <object_component_ref idref="oc-126"/>
      </symbol>
      <symbol id="sm-514">
         <name>fputc</name>
         <value>0x3d3d</value>
         <object_component_ref idref="oc-126"/>
      </symbol>
      <symbol id="sm-515">
         <name>putchar</name>
         <value>0x3dc1</value>
         <object_component_ref idref="oc-126"/>
      </symbol>
      <symbol id="sm-537">
         <name>puts</name>
         <value>0x3799</value>
         <object_component_ref idref="oc-12c"/>
      </symbol>
      <symbol id="sm-538">
         <name>fputs</name>
         <value>0x368d</value>
         <object_component_ref idref="oc-12c"/>
      </symbol>
      <symbol id="sm-542">
         <name>__aeabi_i2d</name>
         <value>0x44d9</value>
         <object_component_ref idref="oc-1ab"/>
      </symbol>
      <symbol id="sm-590">
         <name>open</name>
         <value>0x2e1b</value>
         <object_component_ref idref="oc-17b"/>
      </symbol>
      <symbol id="sm-591">
         <name>add_device</name>
         <value>0x2f3d</value>
         <object_component_ref idref="oc-17b"/>
      </symbol>
      <symbol id="sm-592">
         <name>remove_device</name>
         <value>0x2dcf</value>
         <object_component_ref idref="oc-17b"/>
      </symbol>
      <symbol id="sm-593">
         <name>lseek</name>
         <value>0x2ec9</value>
         <object_component_ref idref="oc-17b"/>
      </symbol>
      <symbol id="sm-594">
         <name>read</name>
         <value>0x2df7</value>
         <object_component_ref idref="oc-17b"/>
      </symbol>
      <symbol id="sm-595">
         <name>rename</name>
         <value>0x2d91</value>
         <object_component_ref idref="oc-17b"/>
      </symbol>
      <symbol id="sm-596">
         <name>write</name>
         <value>0x2cdd</value>
         <object_component_ref idref="oc-17b"/>
      </symbol>
      <symbol id="sm-597">
         <name>close</name>
         <value>0x2eed</value>
         <object_component_ref idref="oc-17b"/>
      </symbol>
      <symbol id="sm-598">
         <name>unlink</name>
         <value>0x2d6d</value>
         <object_component_ref idref="oc-17b"/>
      </symbol>
      <symbol id="sm-5a7">
         <name>ltoa</name>
         <value>0x4249</value>
         <object_component_ref idref="oc-1a5"/>
      </symbol>
      <symbol id="sm-5b7">
         <name>memccpy</name>
         <value>0x4547</value>
         <object_component_ref idref="oc-1c7"/>
      </symbol>
      <symbol id="sm-5c7">
         <name>memchr</name>
         <value>0x4507</value>
         <object_component_ref idref="oc-189"/>
      </symbol>
      <symbol id="sm-5e2">
         <name>frexpl</name>
         <value>0x41e5</value>
         <object_component_ref idref="oc-1b5"/>
      </symbol>
      <symbol id="sm-5e3">
         <name>frexp</name>
         <value>0x41e5</value>
         <object_component_ref idref="oc-1b5"/>
      </symbol>
      <symbol id="sm-600">
         <name>scalbn</name>
         <value>0x38bd</value>
         <object_component_ref idref="oc-1bb"/>
      </symbol>
      <symbol id="sm-601">
         <name>scalbnl</name>
         <value>0x38bd</value>
         <object_component_ref idref="oc-1bb"/>
      </symbol>
      <symbol id="sm-602">
         <name>ldexpl</name>
         <value>0x38bd</value>
         <object_component_ref idref="oc-1bb"/>
      </symbol>
      <symbol id="sm-603">
         <name>ldexp</name>
         <value>0x38bd</value>
         <object_component_ref idref="oc-1bb"/>
      </symbol>
      <symbol id="sm-60d">
         <name>_system_post_cinit</name>
         <value>0x4117</value>
         <object_component_ref idref="oc-ed"/>
      </symbol>
      <symbol id="sm-61d">
         <name>strchr</name>
         <value>0x4595</value>
         <object_component_ref idref="oc-1c1"/>
      </symbol>
      <symbol id="sm-62c">
         <name>strcmp</name>
         <value>0x457d</value>
         <object_component_ref idref="oc-20e"/>
      </symbol>
      <symbol id="sm-63a">
         <name>strlen</name>
         <value>0x45e9</value>
         <object_component_ref idref="oc-183"/>
      </symbol>
      <symbol id="sm-64a">
         <name>strncpy</name>
         <value>0x44a9</value>
         <object_component_ref idref="oc-214"/>
      </symbol>
      <symbol id="sm-672">
         <name>HOSTgetenv</name>
         <value>0x2c19</value>
         <object_component_ref idref="oc-278"/>
      </symbol>
      <symbol id="sm-673">
         <name>HOSTrename</name>
         <value>0x2ac1</value>
         <object_component_ref idref="oc-278"/>
      </symbol>
      <symbol id="sm-674">
         <name>HOSTclose</name>
         <value>0x2c57</value>
         <object_component_ref idref="oc-278"/>
      </symbol>
      <symbol id="sm-675">
         <name>HOSTtime64</name>
         <value>0x2a3d</value>
         <object_component_ref idref="oc-278"/>
      </symbol>
      <symbol id="sm-676">
         <name>HOSTunlink</name>
         <value>0x2a05</value>
         <object_component_ref idref="oc-278"/>
      </symbol>
      <symbol id="sm-677">
         <name>HOSTlseek</name>
         <value>0x2bbd</value>
         <object_component_ref idref="oc-278"/>
      </symbol>
      <symbol id="sm-678">
         <name>HOSTopen</name>
         <value>0x2b6b</value>
         <object_component_ref idref="oc-278"/>
      </symbol>
      <symbol id="sm-679">
         <name>HOSTclock</name>
         <value>0x2c8f</value>
         <object_component_ref idref="oc-278"/>
      </symbol>
      <symbol id="sm-67a">
         <name>HOSTwrite</name>
         <value>0x29b9</value>
         <object_component_ref idref="oc-278"/>
      </symbol>
      <symbol id="sm-67b">
         <name>HOSTread</name>
         <value>0x2b1f</value>
         <object_component_ref idref="oc-278"/>
      </symbol>
      <symbol id="sm-67c">
         <name>HOSTtime</name>
         <value>0x2a87</value>
         <object_component_ref idref="oc-278"/>
      </symbol>
      <symbol id="sm-697">
         <name>__TI_readmsg</name>
         <value>0x414b</value>
         <object_component_ref idref="oc-2b2"/>
      </symbol>
      <symbol id="sm-698">
         <name>C$$IO$$</name>
         <value>0x4147</value>
         <object_component_ref idref="oc-2b2"/>
      </symbol>
      <symbol id="sm-699">
         <name>__CIOBUF_</name>
         <value>0x20000590</value>
         <object_component_ref idref="oc-2d1"/>
      </symbol>
      <symbol id="sm-69a">
         <name>__TI_writemsg</name>
         <value>0x4119</value>
         <object_component_ref idref="oc-2b2"/>
      </symbol>
      <symbol id="sm-6b6">
         <name>__aeabi_uldivmod</name>
         <value>0x2fe9</value>
         <object_component_ref idref="oc-191"/>
      </symbol>
      <symbol id="sm-6d4">
         <name>__TI_wrt_ok</name>
         <value>0x3b5d</value>
         <object_component_ref idref="oc-16f"/>
      </symbol>
      <symbol id="sm-6d5">
         <name>__TI_rd_ok</name>
         <value>0x3bbf</value>
         <object_component_ref idref="oc-16f"/>
      </symbol>
      <symbol id="sm-6dd">
         <name>errno</name>
         <value>0x20000970</value>
         <object_component_ref idref="oc-242"/>
      </symbol>
      <symbol id="sm-6f7">
         <name>__TI_doflush</name>
         <value>0x3a95</value>
         <object_component_ref idref="oc-175"/>
      </symbol>
      <symbol id="sm-6f8">
         <name>fflush</name>
         <value>0x3ae1</value>
         <object_component_ref idref="oc-175"/>
      </symbol>
      <symbol id="sm-70a">
         <name>fseek</name>
         <value>0x4181</value>
         <object_component_ref idref="oc-1fb"/>
      </symbol>
      <symbol id="sm-714">
         <name>copysign</name>
         <value>0x45c1</value>
         <object_component_ref idref="oc-23c"/>
      </symbol>
      <symbol id="sm-715">
         <name>copysignl</name>
         <value>0x45c1</value>
         <object_component_ref idref="oc-23c"/>
      </symbol>
      <symbol id="sm-731">
         <name>setvbuf</name>
         <value>0x39b9</value>
         <object_component_ref idref="oc-201"/>
      </symbol>
      <symbol id="sm-73f">
         <name>strcpy</name>
         <value>0x45d5</value>
         <object_component_ref idref="oc-2b8"/>
      </symbol>
      <symbol id="sm-776">
         <name>__TI_cleanup</name>
         <value>0x32a5</value>
         <object_component_ref idref="oc-261"/>
      </symbol>
      <symbol id="sm-777">
         <name>freopen</name>
         <value>0x32d1</value>
         <object_component_ref idref="oc-261"/>
      </symbol>
      <symbol id="sm-778">
         <name>fopen</name>
         <value>0x32fb</value>
         <object_component_ref idref="oc-261"/>
      </symbol>
      <symbol id="sm-7e7">
         <name>_sys_memory</name>
         <value>0x20000000</value>
         <object_component_ref idref="oc-2c"/>
      </symbol>
      <symbol id="sm-7e8">
         <name>free</name>
         <value>0x23ab</value>
         <object_component_ref idref="oc-25b"/>
      </symbol>
      <symbol id="sm-7e9">
         <name>realloc</name>
         <value>0x246d</value>
         <object_component_ref idref="oc-25b"/>
      </symbol>
      <symbol id="sm-7ea">
         <name>memalign</name>
         <value>0x2579</value>
         <object_component_ref idref="oc-25b"/>
      </symbol>
      <symbol id="sm-7eb">
         <name>calloc</name>
         <value>0x265d</value>
         <object_component_ref idref="oc-25b"/>
      </symbol>
      <symbol id="sm-7ec">
         <name>malloc</name>
         <value>0x2343</value>
         <object_component_ref idref="oc-25b"/>
      </symbol>
      <symbol id="sm-7ed">
         <name>minit</name>
         <value>0x22b5</value>
         <object_component_ref idref="oc-25b"/>
      </symbol>
      <symbol id="sm-803">
         <name>__TI_closefile</name>
         <value>0x3ca5</value>
         <object_component_ref idref="oc-2a3"/>
      </symbol>
      <symbol id="sm-804">
         <name>fclose</name>
         <value>0x3d0b</value>
         <object_component_ref idref="oc-2a3"/>
      </symbol>
      <symbol id="sm-806">
         <name>__TI_static_base__</name>
         <value>0x0</value>
      </symbol>
      <symbol id="sm-809">
         <name>SHT$$INIT_ARRAY$$Limit</name>
         <value>0x0</value>
      </symbol>
      <symbol id="sm-80a">
         <name>SHT$$INIT_ARRAY$$Base</name>
         <value>0x0</value>
      </symbol>
      <symbol id="sm-80b">
         <name>NMI_Handler</name>
         <value>0x4617</value>
      </symbol>
      <symbol id="sm-80c">
         <name>HardFault_Handler</name>
         <value>0x4617</value>
      </symbol>
      <symbol id="sm-80d">
         <name>MemManage_Handler</name>
         <value>0x4617</value>
      </symbol>
      <symbol id="sm-80e">
         <name>BusFault_Handler</name>
         <value>0x4617</value>
      </symbol>
      <symbol id="sm-80f">
         <name>UsageFault_Handler</name>
         <value>0x4617</value>
      </symbol>
      <symbol id="sm-810">
         <name>SVC_Handler</name>
         <value>0x4617</value>
      </symbol>
      <symbol id="sm-811">
         <name>DebugMon_Handler</name>
         <value>0x4617</value>
      </symbol>
      <symbol id="sm-812">
         <name>PendSV_Handler</name>
         <value>0x4617</value>
      </symbol>
      <symbol id="sm-813">
         <name>SysTick_Handler</name>
         <value>0x4617</value>
      </symbol>
      <symbol id="sm-814">
         <name>PSS_IRQHandler</name>
         <value>0x4617</value>
      </symbol>
      <symbol id="sm-815">
         <name>CS_IRQHandler</name>
         <value>0x4617</value>
      </symbol>
      <symbol id="sm-816">
         <name>PCM_IRQHandler</name>
         <value>0x4617</value>
      </symbol>
      <symbol id="sm-817">
         <name>WDT_A_IRQHandler</name>
         <value>0x4617</value>
      </symbol>
      <symbol id="sm-818">
         <name>FPU_IRQHandler</name>
         <value>0x4617</value>
      </symbol>
      <symbol id="sm-819">
         <name>FLCTL_IRQHandler</name>
         <value>0x4617</value>
      </symbol>
      <symbol id="sm-81a">
         <name>COMP_E0_IRQHandler</name>
         <value>0x4617</value>
      </symbol>
      <symbol id="sm-81b">
         <name>COMP_E1_IRQHandler</name>
         <value>0x4617</value>
      </symbol>
      <symbol id="sm-81c">
         <name>TA0_0_IRQHandler</name>
         <value>0x215d</value>
      </symbol>
      <symbol id="sm-81d">
         <name>TA0_N_IRQHandler</name>
         <value>0x4617</value>
      </symbol>
      <symbol id="sm-81e">
         <name>TA1_0_IRQHandler</name>
         <value>0x4617</value>
      </symbol>
      <symbol id="sm-81f">
         <name>TA1_N_IRQHandler</name>
         <value>0x4617</value>
      </symbol>
      <symbol id="sm-820">
         <name>TA2_0_IRQHandler</name>
         <value>0x4617</value>
      </symbol>
      <symbol id="sm-821">
         <name>TA2_N_IRQHandler</name>
         <value>0x4617</value>
      </symbol>
      <symbol id="sm-822">
         <name>TA3_0_IRQHandler</name>
         <value>0x4617</value>
      </symbol>
      <symbol id="sm-823">
         <name>TA3_N_IRQHandler</name>
         <value>0x4617</value>
      </symbol>
      <symbol id="sm-824">
         <name>EUSCIA0_IRQHandler</name>
         <value>0x1df7</value>
      </symbol>
      <symbol id="sm-825">
         <name>EUSCIA1_IRQHandler</name>
         <value>0x4617</value>
      </symbol>
      <symbol id="sm-826">
         <name>EUSCIA2_IRQHandler</name>
         <value>0x4617</value>
      </symbol>
      <symbol id="sm-827">
         <name>EUSCIA3_IRQHandler</name>
         <value>0x1e91</value>
      </symbol>
      <symbol id="sm-828">
         <name>EUSCIB0_IRQHandler</name>
         <value>0x4617</value>
      </symbol>
      <symbol id="sm-829">
         <name>EUSCIB1_IRQHandler</name>
         <value>0x4617</value>
      </symbol>
      <symbol id="sm-82a">
         <name>EUSCIB2_IRQHandler</name>
         <value>0x4617</value>
      </symbol>
      <symbol id="sm-82b">
         <name>EUSCIB3_IRQHandler</name>
         <value>0x4617</value>
      </symbol>
      <symbol id="sm-82c">
         <name>ADC14_IRQHandler</name>
         <value>0x4617</value>
      </symbol>
      <symbol id="sm-82d">
         <name>T32_INT1_IRQHandler</name>
         <value>0x4617</value>
      </symbol>
      <symbol id="sm-82e">
         <name>T32_INT2_IRQHandler</name>
         <value>0x4617</value>
      </symbol>
      <symbol id="sm-82f">
         <name>T32_INTC_IRQHandler</name>
         <value>0x4617</value>
      </symbol>
      <symbol id="sm-830">
         <name>AES256_IRQHandler</name>
         <value>0x4617</value>
      </symbol>
      <symbol id="sm-831">
         <name>RTC_C_IRQHandler</name>
         <value>0x4617</value>
      </symbol>
      <symbol id="sm-832">
         <name>DMA_ERR_IRQHandler</name>
         <value>0x4617</value>
      </symbol>
      <symbol id="sm-833">
         <name>DMA_INT3_IRQHandler</name>
         <value>0x4617</value>
      </symbol>
      <symbol id="sm-834">
         <name>DMA_INT2_IRQHandler</name>
         <value>0x4617</value>
      </symbol>
      <symbol id="sm-835">
         <name>DMA_INT1_IRQHandler</name>
         <value>0x4617</value>
      </symbol>
      <symbol id="sm-836">
         <name>DMA_INT0_IRQHandler</name>
         <value>0x4617</value>
      </symbol>
      <symbol id="sm-837">
         <name>PORT1_IRQHandler</name>
         <value>0x4617</value>
      </symbol>
      <symbol id="sm-838">
         <name>PORT2_IRQHandler</name>
         <value>0x4617</value>
      </symbol>
      <symbol id="sm-839">
         <name>PORT3_IRQHandler</name>
         <value>0x4617</value>
      </symbol>
      <symbol id="sm-83a">
         <name>PORT4_IRQHandler</name>
         <value>0x4617</value>
      </symbol>
      <symbol id="sm-83b">
         <name>PORT5_IRQHandler</name>
         <value>0x4617</value>
      </symbol>
      <symbol id="sm-83c">
         <name>PORT6_IRQHandler</name>
         <value>0x4617</value>
      </symbol>
      <symbol id="sm-83d">
         <name>remove</name>
         <value>0x2d6d</value>
      </symbol>
   </symbol_table>
   <title>Link successful</title>
</link_info>
